{
  "models": [
    "gemma-4-E4B-it-NVFP4",
    "gemma-4-12b-it-NVFP4",
    "gemma-4-26B-A4B-it-NVFP4"
  ],
  "prompt_ids": [
    "fact-001",
    "fact-002",
    "fact-003",
    "fact-004",
    "fact-005",
    "fact-006",
    "fact-007",
    "fact-008",
    "fact-009",
    "fact-010",
    "fact-011",
    "fact-012",
    "fact-013",
    "fact-014",
    "fact-015",
    "fact-016",
    "fact-017",
    "fact-018",
    "fact-019",
    "fact-020",
    "fact-021",
    "fact-022",
    "fact-023",
    "fact-024",
    "fact-025",
    "fact-026",
    "fact-027",
    "fact-028",
    "fact-029",
    "fact-030",
    "multi-001",
    "multi-002",
    "multi-003",
    "multi-004",
    "multi-005",
    "multi-006",
    "multi-007",
    "multi-008",
    "multi-009",
    "multi-010",
    "multi-011",
    "multi-012",
    "multi-013",
    "multi-014",
    "multi-015",
    "multi-016",
    "multi-017",
    "multi-018",
    "multi-019",
    "multi-020",
    "arith-001",
    "arith-002",
    "arith-003",
    "arith-004",
    "arith-005",
    "arith-006",
    "arith-007",
    "arith-008",
    "arith-009",
    "arith-010",
    "arith-011",
    "arith-012",
    "arith-013",
    "arith-014",
    "arith-015",
    "arith-016",
    "arith-017",
    "arith-018",
    "arith-019",
    "arith-020",
    "arith-021",
    "arith-022",
    "arith-023",
    "arith-024",
    "arith-025",
    "instr-001",
    "instr-002",
    "instr-003",
    "instr-004",
    "instr-005",
    "instr-006",
    "instr-007",
    "instr-008",
    "instr-009",
    "instr-010",
    "instr-011",
    "instr-012",
    "instr-013",
    "instr-014",
    "instr-015",
    "abstain-001",
    "abstain-002",
    "abstain-003",
    "abstain-004",
    "abstain-005",
    "abstain-006",
    "abstain-007",
    "abstain-008",
    "abstain-009",
    "abstain-010"
  ],
  "results_dir": "/workspace/gemma4-quality/results"
}
